device=cuda  rank-bottleneck throwaway pilot, rank=36
=== pilot 99 start, rank=36, params=67112, cosine LR 0.003->3e-05 over 30000 steps, no early stopping ===
pilot 99 step      0  lr=3.00e-03  loss=7.0888  val_acc={1: 0.094, 2: 0.0, 3: 0.008}  elapsed=4s  
pilot 99 step    100  lr=3.00e-03  loss=1.4599  val_acc={1: 1.0, 2: 1.0, 3: 0.945}  elapsed=28s  
pilot 99 step    200  lr=3.00e-03  loss=1.7579  val_acc={1: 1.0, 2: 1.0, 3: 0.992}  elapsed=54s  PASS
pilot 99 step    300  lr=3.00e-03  loss=0.8245  val_acc={1: 1.0, 2: 1.0, 3: 1.0}  elapsed=84s  PASS
pilot 99 step    400  lr=3.00e-03  loss=0.9943  val_acc={1: 1.0, 2: 1.0, 3: 1.0}  elapsed=112s  PASS
pilot 99 step    500  lr=3.00e-03  loss=1.2443  val_acc={1: 1.0, 2: 0.992, 3: 1.0}  elapsed=141s  PASS
pilot 99 step    600  lr=3.00e-03  loss=0.7794  val_acc={1: 1.0, 2: 0.977, 3: 0.977}  elapsed=168s  PASS
pilot 99 step    700  lr=3.00e-03  loss=0.8935  val_acc={1: 1.0, 2: 0.922, 3: 0.93}  elapsed=197s  
pilot 99 step    800  lr=2.99e-03  loss=1.0366  val_acc={1: 1.0, 2: 0.781, 3: 0.828}  elapsed=224s  
pilot 99 step    900  lr=2.99e-03  loss=0.7348  val_acc={1: 1.0, 2: 0.836, 3: 0.82}  elapsed=252s  
pilot 99 step   1000  lr=2.99e-03  loss=0.8505  val_acc={1: 1.0, 2: 0.781, 3: 0.797}  elapsed=280s  
pilot 99 step   1100  lr=2.99e-03  loss=0.9467  val_acc={1: 1.0, 2: 0.836, 3: 0.773}  elapsed=308s  
pilot 99 step   1200  lr=2.99e-03  loss=0.7444  val_acc={1: 1.0, 2: 0.883, 3: 0.781}  elapsed=335s  
pilot 99 step   1300  lr=2.99e-03  loss=0.8394  val_acc={1: 1.0, 2: 0.812, 3: 0.766}  elapsed=362s  
pilot 99 step   1400  lr=2.98e-03  loss=0.9155  val_acc={1: 1.0, 2: 0.852, 3: 0.734}  elapsed=390s  
pilot 99 step   1500  lr=2.98e-03  loss=0.7202  val_acc={1: 1.0, 2: 0.852, 3: 0.758}  elapsed=417s  
pilot 99 step   1600  lr=2.98e-03  loss=0.8351  val_acc={1: 1.0, 2: 0.898, 3: 0.688}  elapsed=445s  
pilot 99 step   1700  lr=2.98e-03  loss=0.9015  val_acc={1: 1.0, 2: 0.828, 3: 0.742}  elapsed=472s  
pilot 99 step   1800  lr=2.97e-03  loss=0.7282  val_acc={1: 1.0, 2: 0.891, 3: 0.734}  elapsed=499s  
pilot 99 step   1900  lr=2.97e-03  loss=0.8305  val_acc={1: 1.0, 2: 0.898, 3: 0.75}  elapsed=527s  
pilot 99 step   2000  lr=2.97e-03  loss=0.8890  val_acc={1: 1.0, 2: 0.836, 3: 0.711}  elapsed=555s  
pilot 99 step   2100  lr=2.96e-03  loss=0.7263  val_acc={1: 1.0, 2: 0.898, 3: 0.711}  elapsed=584s  
pilot 99 step   2200  lr=2.96e-03  loss=0.8217  val_acc={1: 1.0, 2: 0.914, 3: 0.758}  elapsed=611s  
pilot 99 step   2300  lr=2.96e-03  loss=0.8676  val_acc={1: 1.0, 2: 0.859, 3: 0.688}  elapsed=638s  
pilot 99 step   2400  lr=2.95e-03  loss=0.7315  val_acc={1: 1.0, 2: 0.914, 3: 0.781}  elapsed=665s  
pilot 99 step   2500  lr=2.95e-03  loss=0.8228  val_acc={1: 1.0, 2: 0.867, 3: 0.742}  elapsed=693s  
pilot 99 step   2600  lr=2.95e-03  loss=0.8702  val_acc={1: 1.0, 2: 0.898, 3: 0.766}  elapsed=721s  
pilot 99 step   2700  lr=2.94e-03  loss=0.7197  val_acc={1: 1.0, 2: 0.922, 3: 0.766}  elapsed=749s  
pilot 99 step   2800  lr=2.94e-03  loss=0.8247  val_acc={1: 1.0, 2: 0.891, 3: 0.766}  elapsed=779s  
pilot 99 step   2900  lr=2.93e-03  loss=0.8593  val_acc={1: 1.0, 2: 0.883, 3: 0.742}  elapsed=807s  
pilot 99 step   3000  lr=2.93e-03  loss=0.7146  val_acc={1: 1.0, 2: 0.945, 3: 0.773}  elapsed=835s  
pilot 99 step   3100  lr=2.92e-03  loss=0.8174  val_acc={1: 1.0, 2: 0.914, 3: 0.805}  elapsed=861s  
pilot 99 step   3200  lr=2.92e-03  loss=0.8621  val_acc={1: 1.0, 2: 0.914, 3: 0.719}  elapsed=888s  
pilot 99 step   3300  lr=2.91e-03  loss=0.7154  val_acc={1: 1.0, 2: 0.93, 3: 0.812}  elapsed=916s  
pilot 99 step   3400  lr=2.91e-03  loss=0.8240  val_acc={1: 1.0, 2: 0.953, 3: 0.781}  elapsed=943s  
pilot 99 step   3500  lr=2.90e-03  loss=0.8631  val_acc={1: 1.0, 2: 0.93, 3: 0.773}  elapsed=971s  
pilot 99 step   3600  lr=2.90e-03  loss=0.7251  val_acc={1: 1.0, 2: 0.93, 3: 0.844}  elapsed=998s  
pilot 99 step   3700  lr=2.89e-03  loss=0.8145  val_acc={1: 1.0, 2: 0.977, 3: 0.805}  elapsed=1026s  
pilot 99 step   3800  lr=2.88e-03  loss=0.8527  val_acc={1: 1.0, 2: 0.945, 3: 0.836}  elapsed=1053s  
pilot 99 step   3900  lr=2.88e-03  loss=0.7231  val_acc={1: 1.0, 2: 0.922, 3: 0.781}  elapsed=1081s  
pilot 99 step   4000  lr=2.87e-03  loss=0.8164  val_acc={1: 1.0, 2: 0.969, 3: 0.789}  elapsed=1107s  
pilot 99 step   4100  lr=2.87e-03  loss=0.8464  val_acc={1: 1.0, 2: 0.969, 3: 0.812}  elapsed=1136s  
pilot 99 step   4200  lr=2.86e-03  loss=0.7210  val_acc={1: 1.0, 2: 0.969, 3: 0.82}  elapsed=1166s  
pilot 99 step   4300  lr=2.85e-03  loss=0.8070  val_acc={1: 1.0, 2: 0.953, 3: 0.797}  elapsed=1194s  
pilot 99 step   4400  lr=2.85e-03  loss=0.8519  val_acc={1: 1.0, 2: 0.922, 3: 0.859}  elapsed=1222s  
pilot 99 step   4500  lr=2.84e-03  loss=0.7163  val_acc={1: 1.0, 2: 0.961, 3: 0.898}  elapsed=1250s  
pilot 99 step   4600  lr=2.83e-03  loss=0.8052  val_acc={1: 1.0, 2: 0.984, 3: 0.844}  elapsed=1277s  
pilot 99 step   4700  lr=2.82e-03  loss=0.8478  val_acc={1: 1.0, 2: 0.969, 3: 0.875}  elapsed=1304s  
pilot 99 step   4800  lr=2.82e-03  loss=0.7210  val_acc={1: 1.0, 2: 0.977, 3: 0.875}  elapsed=1332s  
pilot 99 step   4900  lr=2.81e-03  loss=0.8212  val_acc={1: 1.0, 2: 0.984, 3: 0.891}  elapsed=1359s  
pilot 99 step   5000  lr=2.80e-03  loss=0.8439  val_acc={1: 1.0, 2: 0.938, 3: 0.812}  elapsed=1386s  
pilot 99 step   5100  lr=2.79e-03  loss=0.7198  val_acc={1: 1.0, 2: 0.992, 3: 0.867}  elapsed=1414s  
pilot 99 step   5200  lr=2.79e-03  loss=0.8212  val_acc={1: 1.0, 2: 1.0, 3: 0.898}  elapsed=1441s  
pilot 99 step   5300  lr=2.78e-03  loss=0.8446  val_acc={1: 1.0, 2: 0.984, 3: 0.93}  elapsed=1469s  
pilot 99 step   5400  lr=2.77e-03  loss=0.7157  val_acc={1: 1.0, 2: 0.992, 3: 0.93}  elapsed=1495s  
pilot 99 step   5500  lr=2.76e-03  loss=0.8192  val_acc={1: 1.0, 2: 0.992, 3: 0.922}  elapsed=1523s  
pilot 99 step   5600  lr=2.75e-03  loss=0.8398  val_acc={1: 1.0, 2: 0.945, 3: 0.852}  elapsed=1551s  
pilot 99 step   5700  lr=2.74e-03  loss=0.7279  val_acc={1: 1.0, 2: 1.0, 3: 0.906}  elapsed=1579s  
pilot 99 step   5800  lr=2.73e-03  loss=0.8102  val_acc={1: 1.0, 2: 0.977, 3: 0.914}  elapsed=1606s  
pilot 99 step   5900  lr=2.73e-03  loss=0.8391  val_acc={1: 1.0, 2: 0.969, 3: 0.938}  elapsed=1634s  
pilot 99 step   6000  lr=2.72e-03  loss=0.7207  val_acc={1: 1.0, 2: 1.0, 3: 0.961}  elapsed=1660s  PASS
pilot 99 step   6100  lr=2.71e-03  loss=0.8088  val_acc={1: 1.0, 2: 1.0, 3: 0.953}  elapsed=1687s  PASS
pilot 99 step   6200  lr=2.70e-03  loss=0.8428  val_acc={1: 1.0, 2: 1.0, 3: 0.969}  elapsed=1715s  PASS
pilot 99 step   6300  lr=2.69e-03  loss=0.7145  val_acc={1: 1.0, 2: 0.984, 3: 0.953}  elapsed=1743s  PASS
pilot 99 step   6400  lr=2.68e-03  loss=0.8176  val_acc={1: 1.0, 2: 0.984, 3: 0.953}  elapsed=1771s  PASS
pilot 99 step   6500  lr=2.67e-03  loss=0.8311  val_acc={1: 1.0, 2: 0.969, 3: 0.945}  elapsed=1798s  
pilot 99 step   6600  lr=2.66e-03  loss=0.7343  val_acc={1: 1.0, 2: 1.0, 3: 0.961}  elapsed=1833s  PASS
pilot 99 step   6700  lr=2.65e-03  loss=0.8127  val_acc={1: 1.0, 2: 0.992, 3: 0.984}  elapsed=1863s  PASS
pilot 99 step   6800  lr=2.64e-03  loss=0.8334  val_acc={1: 1.0, 2: 1.0, 3: 0.961}  elapsed=1891s  PASS
pilot 99 step   6900  lr=2.63e-03  loss=0.7169  val_acc={1: 1.0, 2: 1.0, 3: 0.969}  elapsed=1919s  PASS
pilot 99 step   7000  lr=2.62e-03  loss=0.8095  val_acc={1: 1.0, 2: 1.0, 3: 0.977}  elapsed=1955s  PASS
pilot 99 step   7100  lr=2.61e-03  loss=0.8416  val_acc={1: 1.0, 2: 0.984, 3: 0.984}  elapsed=1982s  PASS
pilot 99 step   7200  lr=2.60e-03  loss=0.7092  val_acc={1: 1.0, 2: 0.984, 3: 0.961}  elapsed=2010s  PASS
pilot 99 step   7300  lr=2.59e-03  loss=0.8047  val_acc={1: 1.0, 2: 1.0, 3: 0.984}  elapsed=2037s  PASS
pilot 99 step   7400  lr=2.58e-03  loss=0.8344  val_acc={1: 1.0, 2: 0.992, 3: 0.992}  elapsed=2064s  PASS
pilot 99 step   7500  lr=2.57e-03  loss=0.7118  val_acc={1: 1.0, 2: 1.0, 3: 0.984}  elapsed=2092s  PASS
pilot 99 step   7600  lr=2.55e-03  loss=0.8108  val_acc={1: 1.0, 2: 0.992, 3: 0.984}  elapsed=2120s  PASS
pilot 99 step   7700  lr=2.54e-03  loss=0.8380  val_acc={1: 1.0, 2: 0.977, 3: 0.977}  elapsed=2146s  PASS
pilot 99 step   7800  lr=2.53e-03  loss=0.7204  val_acc={1: 1.0, 2: 1.0, 3: 1.0}  elapsed=2173s  PASS
pilot 99 step   7900  lr=2.52e-03  loss=0.8101  val_acc={1: 1.0, 2: 1.0, 3: 0.992}  elapsed=2201s  PASS
pilot 99 step   8000  lr=2.51e-03  loss=0.8384  val_acc={1: 1.0, 2: 0.984, 3: 0.992}  elapsed=2228s  PASS
pilot 99 step   8100  lr=2.50e-03  loss=0.7258  val_acc={1: 1.0, 2: 1.0, 3: 1.0}  elapsed=2255s  PASS
pilot 99 step   8200  lr=2.49e-03  loss=0.8195  val_acc={1: 1.0, 2: 1.0, 3: 1.0}  elapsed=2282s  PASS
pilot 99 step   8300  lr=2.47e-03  loss=0.8327  val_acc={1: 1.0, 2: 1.0, 3: 0.992}  elapsed=2309s  PASS
pilot 99 step   8400  lr=2.46e-03  loss=0.7163  val_acc={1: 1.0, 2: 1.0, 3: 1.0}  elapsed=2336s  PASS
pilot 99 step   8500  lr=2.45e-03  loss=0.8060  val_acc={1: 1.0, 2: 0.992, 3: 1.0}  elapsed=2363s  PASS
pilot 99 step   8600  lr=2.44e-03  loss=0.8371  val_acc={1: 1.0, 2: 0.984, 3: 0.992}  elapsed=2390s  PASS
pilot 99 step   8700  lr=2.43e-03  loss=0.7136  val_acc={1: 1.0, 2: 1.0, 3: 1.0}  elapsed=2418s  PASS
pilot 99 step   8800  lr=2.41e-03  loss=0.8074  val_acc={1: 1.0, 2: 1.0, 3: 1.0}  elapsed=2445s  PASS
pilot 99 step   8900  lr=2.40e-03  loss=0.8412  val_acc={1: 1.0, 2: 0.984, 3: 0.992}  elapsed=2472s  PASS
pilot 99 step   9000  lr=2.39e-03  loss=0.7172  val_acc={1: 1.0, 2: 1.0, 3: 1.0}  elapsed=2499s  PASS
pilot 99 step   9100  lr=2.38e-03  loss=0.8129  val_acc={1: 1.0, 2: 1.0, 3: 1.0}  elapsed=2527s  PASS
pilot 99 step   9200  lr=2.36e-03  loss=0.8398  val_acc={1: 1.0, 2: 0.992, 3: 1.0}  elapsed=2554s  PASS
pilot 99 step   9300  lr=2.35e-03  loss=0.7103  val_acc={1: 1.0, 2: 0.992, 3: 1.0}  elapsed=2581s  PASS
pilot 99 step   9400  lr=2.34e-03  loss=0.7982  val_acc={1: 1.0, 2: 0.992, 3: 1.0}  elapsed=2609s  PASS
pilot 99 step   9500  lr=2.32e-03  loss=0.8507  val_acc={1: 1.0, 2: 1.0, 3: 0.992}  elapsed=2636s  PASS
pilot 99 step   9600  lr=2.31e-03  loss=0.7119  val_acc={1: 1.0, 2: 0.992, 3: 1.0}  elapsed=2663s  PASS
pilot 99 step   9700  lr=2.30e-03  loss=0.8068  val_acc={1: 1.0, 2: 1.0, 3: 1.0}  elapsed=2690s  PASS
pilot 99 step   9800  lr=2.28e-03  loss=0.8381  val_acc={1: 1.0, 2: 1.0, 3: 1.0}  elapsed=2717s  PASS
pilot 99 step   9900  lr=2.27e-03  loss=0.7063  val_acc={1: 1.0, 2: 1.0, 3: 0.984}  elapsed=2745s  PASS
pilot 99 step  10000  lr=2.26e-03  loss=0.8071  val_acc={1: 1.0, 2: 1.0, 3: 1.0}  elapsed=2772s  PASS
pilot 99 step  10100  lr=2.24e-03  loss=0.8265  val_acc={1: 1.0, 2: 1.0, 3: 0.992}  elapsed=2800s  PASS
pilot 99 step  10200  lr=2.23e-03  loss=0.7224  val_acc={1: 1.0, 2: 0.992, 3: 0.992}  elapsed=2827s  PASS
pilot 99 step  10300  lr=2.22e-03  loss=0.8017  val_acc={1: 1.0, 2: 0.992, 3: 1.0}  elapsed=2855s  PASS
pilot 99 step  10400  lr=2.20e-03  loss=0.8336  val_acc={1: 1.0, 2: 1.0, 3: 0.992}  elapsed=2882s  PASS
pilot 99 step  10500  lr=2.19e-03  loss=0.7112  val_acc={1: 1.0, 2: 1.0, 3: 1.0}  elapsed=2910s  PASS
pilot 99 step  10600  lr=2.18e-03  loss=0.7987  val_acc={1: 1.0, 2: 1.0, 3: 0.992}  elapsed=2937s  PASS
pilot 99 step  10700  lr=2.16e-03  loss=0.8349  val_acc={1: 1.0, 2: 0.992, 3: 1.0}  elapsed=2964s  PASS
pilot 99 step  10800  lr=2.15e-03  loss=0.7210  val_acc={1: 1.0, 2: 0.992, 3: 1.0}  elapsed=2992s  PASS
pilot 99 step  10900  lr=2.13e-03  loss=0.8033  val_acc={1: 1.0, 2: 1.0, 3: 0.992}  elapsed=3019s  PASS
pilot 99 step  11000  lr=2.12e-03  loss=0.8379  val_acc={1: 1.0, 2: 1.0, 3: 0.984}  elapsed=3047s  PASS
pilot 99 step  11100  lr=2.10e-03  loss=0.7180  val_acc={1: 1.0, 2: 1.0, 3: 1.0}  elapsed=3074s  PASS
pilot 99 step  11200  lr=2.09e-03  loss=0.7962  val_acc={1: 1.0, 2: 1.0, 3: 1.0}  elapsed=3101s  PASS
pilot 99 step  11300  lr=2.08e-03  loss=0.8274  val_acc={1: 1.0, 2: 0.984, 3: 0.992}  elapsed=3128s  PASS
pilot 99 step  11400  lr=2.06e-03  loss=0.7151  val_acc={1: 1.0, 2: 0.992, 3: 1.0}  elapsed=3155s  PASS
pilot 99 step  11500  lr=2.05e-03  loss=0.8058  val_acc={1: 1.0, 2: 0.984, 3: 0.992}  elapsed=3183s  PASS
pilot 99 step  11600  lr=2.03e-03  loss=0.8271  val_acc={1: 1.0, 2: 0.984, 3: 0.961}  elapsed=3210s  PASS
pilot 99 step  11700  lr=2.02e-03  loss=0.7281  val_acc={1: 1.0, 2: 0.992, 3: 0.984}  elapsed=3238s  PASS
pilot 99 step  11800  lr=2.00e-03  loss=0.8081  val_acc={1: 1.0, 2: 0.984, 3: 0.977}  elapsed=3266s  PASS
pilot 99 step  11900  lr=1.99e-03  loss=0.8373  val_acc={1: 1.0, 2: 0.953, 3: 0.961}  elapsed=3293s  PASS
pilot 99 step  12000  lr=1.97e-03  loss=0.7192  val_acc={1: 1.0, 2: 0.992, 3: 0.984}  elapsed=3320s  PASS
pilot 99 step  12100  lr=1.96e-03  loss=0.8047  val_acc={1: 1.0, 2: 0.977, 3: 0.992}  elapsed=3348s  PASS
pilot 99 step  12200  lr=1.94e-03  loss=0.8286  val_acc={1: 1.0, 2: 0.977, 3: 0.977}  elapsed=3376s  PASS
pilot 99 step  12300  lr=1.93e-03  loss=0.7108  val_acc={1: 1.0, 2: 0.984, 3: 0.984}  elapsed=3403s  PASS
pilot 99 step  12400  lr=1.91e-03  loss=0.8008  val_acc={1: 1.0, 2: 0.992, 3: 0.992}  elapsed=3431s  PASS
pilot 99 step  12500  lr=1.90e-03  loss=0.8286  val_acc={1: 1.0, 2: 0.992, 3: 0.992}  elapsed=3458s  PASS
pilot 99 step  12600  lr=1.88e-03  loss=0.7132  val_acc={1: 1.0, 2: 0.992, 3: 1.0}  elapsed=3486s  PASS
pilot 99 step  12700  lr=1.87e-03  loss=0.8081  val_acc={1: 1.0, 2: 0.992, 3: 0.992}  elapsed=3513s  PASS
pilot 99 step  12800  lr=1.85e-03  loss=0.8285  val_acc={1: 1.0, 2: 0.977, 3: 0.977}  elapsed=3541s  PASS
pilot 99 step  12900  lr=1.84e-03  loss=0.7126  val_acc={1: 1.0, 2: 0.992, 3: 0.969}  elapsed=3569s  PASS
pilot 99 step  13000  lr=1.82e-03  loss=0.7978  val_acc={1: 1.0, 2: 0.984, 3: 0.984}  elapsed=3595s  PASS
pilot 99 step  13100  lr=1.81e-03  loss=0.8305  val_acc={1: 1.0, 2: 0.984, 3: 0.984}  elapsed=3623s  PASS
pilot 99 step  13200  lr=1.79e-03  loss=0.7297  val_acc={1: 1.0, 2: 0.984, 3: 0.969}  elapsed=3650s  PASS
pilot 99 step  13300  lr=1.78e-03  loss=0.7921  val_acc={1: 1.0, 2: 0.992, 3: 0.992}  elapsed=3678s  PASS
pilot 99 step  13400  lr=1.76e-03  loss=0.8341  val_acc={1: 1.0, 2: 0.984, 3: 0.992}  elapsed=3706s  PASS
pilot 99 step  13500  lr=1.75e-03  loss=0.7069  val_acc={1: 1.0, 2: 0.984, 3: 0.984}  elapsed=3736s  PASS
pilot 99 step  13600  lr=1.73e-03  loss=0.8104  val_acc={1: 1.0, 2: 0.992, 3: 0.992}  elapsed=3764s  PASS
pilot 99 step  13700  lr=1.72e-03  loss=0.8329  val_acc={1: 1.0, 2: 0.969, 3: 0.992}  elapsed=3792s  PASS
pilot 99 step  13800  lr=1.70e-03  loss=0.7188  val_acc={1: 1.0, 2: 1.0, 3: 1.0}  elapsed=3818s  PASS
pilot 99 step  13900  lr=1.69e-03  loss=0.8080  val_acc={1: 1.0, 2: 0.992, 3: 0.984}  elapsed=3845s  PASS
pilot 99 step  14000  lr=1.67e-03  loss=0.8276  val_acc={1: 1.0, 2: 0.969, 3: 0.984}  elapsed=3873s  PASS
pilot 99 step  14100  lr=1.65e-03  loss=0.7143  val_acc={1: 1.0, 2: 0.969, 3: 1.0}  elapsed=3901s  PASS
pilot 99 step  14200  lr=1.64e-03  loss=0.7992  val_acc={1: 1.0, 2: 0.977, 3: 0.984}  elapsed=3927s  PASS
pilot 99 step  14300  lr=1.62e-03  loss=0.8324  val_acc={1: 1.0, 2: 0.977, 3: 1.0}  elapsed=3954s  PASS
pilot 99 step  14400  lr=1.61e-03  loss=0.7160  val_acc={1: 1.0, 2: 0.977, 3: 1.0}  elapsed=3982s  PASS
pilot 99 step  14500  lr=1.59e-03  loss=0.8006  val_acc={1: 1.0, 2: 0.984, 3: 0.984}  elapsed=4010s  PASS
pilot 99 step  14600  lr=1.58e-03  loss=0.8362  val_acc={1: 1.0, 2: 0.992, 3: 1.0}  elapsed=4037s  PASS
pilot 99 step  14700  lr=1.56e-03  loss=0.7101  val_acc={1: 1.0, 2: 1.0, 3: 1.0}  elapsed=4063s  PASS
pilot 99 step  14800  lr=1.55e-03  loss=0.8101  val_acc={1: 1.0, 2: 0.984, 3: 0.977}  elapsed=4091s  PASS
pilot 99 step  14900  lr=1.53e-03  loss=0.8281  val_acc={1: 1.0, 2: 0.992, 3: 0.992}  elapsed=4118s  PASS
pilot 99 step  15000  lr=1.52e-03  loss=0.7197  val_acc={1: 1.0, 2: 1.0, 3: 1.0}  elapsed=4145s  PASS
pilot 99 step  15100  lr=1.50e-03  loss=0.8066  val_acc={1: 1.0, 2: 0.969, 3: 0.977}  elapsed=4173s  PASS
pilot 99 step  15200  lr=1.48e-03  loss=0.8340  val_acc={1: 1.0, 2: 0.977, 3: 0.984}  elapsed=4200s  PASS
pilot 99 step  15300  lr=1.47e-03  loss=0.7086  val_acc={1: 1.0, 2: 0.961, 3: 0.969}  elapsed=4227s  PASS
pilot 99 step  15400  lr=1.45e-03  loss=0.8034  val_acc={1: 1.0, 2: 0.984, 3: 0.977}  elapsed=4254s  PASS
pilot 99 step  15500  lr=1.44e-03  loss=0.8353  val_acc={1: 1.0, 2: 0.953, 3: 0.977}  elapsed=4282s  PASS
pilot 99 step  15600  lr=1.42e-03  loss=0.7204  val_acc={1: 1.0, 2: 0.984, 3: 0.969}  elapsed=4309s  PASS
pilot 99 step  15700  lr=1.41e-03  loss=0.8108  val_acc={1: 1.0, 2: 0.969, 3: 0.953}  elapsed=4336s  PASS
pilot 99 step  15800  lr=1.39e-03  loss=0.8247  val_acc={1: 1.0, 2: 0.922, 3: 0.938}  elapsed=4363s  
pilot 99 step  15900  lr=1.38e-03  loss=0.7052  val_acc={1: 1.0, 2: 0.969, 3: 0.992}  elapsed=4391s  PASS
pilot 99 step  16000  lr=1.36e-03  loss=0.8029  val_acc={1: 1.0, 2: 0.984, 3: 1.0}  elapsed=4418s  PASS
pilot 99 step  16100  lr=1.34e-03  loss=0.8293  val_acc={1: 1.0, 2: 0.953, 3: 0.984}  elapsed=4445s  PASS
pilot 99 step  16200  lr=1.33e-03  loss=0.7163  val_acc={1: 1.0, 2: 0.984, 3: 0.969}  elapsed=4473s  PASS
pilot 99 step  16300  lr=1.31e-03  loss=0.8036  val_acc={1: 1.0, 2: 0.961, 3: 0.961}  elapsed=4500s  PASS
pilot 99 step  16400  lr=1.30e-03  loss=0.8275  val_acc={1: 1.0, 2: 0.977, 3: 0.961}  elapsed=4527s  PASS
pilot 99 step  16500  lr=1.28e-03  loss=0.7106  val_acc={1: 1.0, 2: 0.984, 3: 0.984}  elapsed=4555s  PASS
pilot 99 step  16600  lr=1.27e-03  loss=0.8043  val_acc={1: 1.0, 2: 0.969, 3: 0.992}  elapsed=4583s  PASS
pilot 99 step  16700  lr=1.25e-03  loss=0.8264  val_acc={1: 1.0, 2: 0.992, 3: 0.992}  elapsed=4610s  PASS
pilot 99 step  16800  lr=1.24e-03  loss=0.7086  val_acc={1: 1.0, 2: 0.977, 3: 0.984}  elapsed=4637s  PASS
pilot 99 step  16900  lr=1.22e-03  loss=0.8103  val_acc={1: 1.0, 2: 1.0, 3: 0.969}  elapsed=4664s  PASS
pilot 99 step  17000  lr=1.21e-03  loss=0.8311  val_acc={1: 1.0, 2: 0.977, 3: 0.977}  elapsed=4692s  PASS
pilot 99 step  17100  lr=1.19e-03  loss=0.7063  val_acc={1: 1.0, 2: 1.0, 3: 0.977}  elapsed=4720s  PASS
pilot 99 step  17200  lr=1.18e-03  loss=0.8044  val_acc={1: 1.0, 2: 0.984, 3: 0.992}  elapsed=4748s  PASS
pilot 99 step  17300  lr=1.16e-03  loss=0.8358  val_acc={1: 1.0, 2: 0.961, 3: 0.969}  elapsed=4774s  PASS
pilot 99 step  17400  lr=1.15e-03  loss=0.7151  val_acc={1: 1.0, 2: 0.961, 3: 0.961}  elapsed=4802s  PASS
pilot 99 step  17500  lr=1.13e-03  loss=0.7990  val_acc={1: 1.0, 2: 0.977, 3: 0.969}  elapsed=4829s  PASS
pilot 99 step  17600  lr=1.12e-03  loss=0.8357  val_acc={1: 1.0, 2: 0.969, 3: 0.977}  elapsed=4857s  PASS
pilot 99 step  17700  lr=1.10e-03  loss=0.7116  val_acc={1: 1.0, 2: 0.977, 3: 0.969}  elapsed=4885s  PASS
pilot 99 step  17800  lr=1.09e-03  loss=0.7962  val_acc={1: 1.0, 2: 0.992, 3: 0.992}  elapsed=4912s  PASS
pilot 99 step  17900  lr=1.07e-03  loss=0.8358  val_acc={1: 1.0, 2: 0.969, 3: 0.977}  elapsed=4940s  PASS
pilot 99 step  18000  lr=1.06e-03  loss=0.7199  val_acc={1: 1.0, 2: 0.984, 3: 0.969}  elapsed=4967s  PASS
pilot 99 step  18100  lr=1.04e-03  loss=0.8070  val_acc={1: 1.0, 2: 0.992, 3: 0.961}  elapsed=4994s  PASS
pilot 99 step  18200  lr=1.03e-03  loss=0.8302  val_acc={1: 1.0, 2: 0.969, 3: 0.977}  elapsed=5022s  PASS
pilot 99 step  18300  lr=1.01e-03  loss=0.7182  val_acc={1: 1.0, 2: 0.977, 3: 0.992}  elapsed=5049s  PASS
pilot 99 step  18400  lr=9.97e-04  loss=0.7971  val_acc={1: 1.0, 2: 0.961, 3: 0.977}  elapsed=5077s  PASS
pilot 99 step  18500  lr=9.83e-04  loss=0.8263  val_acc={1: 1.0, 2: 0.961, 3: 0.977}  elapsed=5104s  PASS
pilot 99 step  18600  lr=9.68e-04  loss=0.7155  val_acc={1: 1.0, 2: 0.977, 3: 1.0}  elapsed=5132s  PASS
pilot 99 step  18700  lr=9.54e-04  loss=0.8012  val_acc={1: 1.0, 2: 0.984, 3: 1.0}  elapsed=5159s  PASS
pilot 99 step  18800  lr=9.40e-04  loss=0.8157  val_acc={1: 1.0, 2: 0.984, 3: 0.977}  elapsed=5186s  PASS
pilot 99 step  18900  lr=9.25e-04  loss=0.7161  val_acc={1: 1.0, 2: 0.992, 3: 0.992}  elapsed=5214s  PASS
pilot 99 step  19000  lr=9.11e-04  loss=0.7962  val_acc={1: 1.0, 2: 0.953, 3: 0.961}  elapsed=5240s  PASS
pilot 99 step  19100  lr=8.97e-04  loss=0.8286  val_acc={1: 1.0, 2: 0.977, 3: 0.961}  elapsed=5268s  PASS
pilot 99 step  19200  lr=8.83e-04  loss=0.7024  val_acc={1: 1.0, 2: 0.969, 3: 0.977}  elapsed=5295s  PASS
pilot 99 step  19300  lr=8.69e-04  loss=0.8010  val_acc={1: 1.0, 2: 0.992, 3: 0.984}  elapsed=5322s  PASS
pilot 99 step  19400  lr=8.55e-04  loss=0.8257  val_acc={1: 1.0, 2: 0.984, 3: 0.992}  elapsed=5349s  PASS
pilot 99 step  19500  lr=8.41e-04  loss=0.7076  val_acc={1: 1.0, 2: 0.984, 3: 1.0}  elapsed=5376s  PASS
pilot 99 step  19600  lr=8.27e-04  loss=0.7897  val_acc={1: 1.0, 2: 0.961, 3: 0.977}  elapsed=5403s  PASS
pilot 99 step  19700  lr=8.13e-04  loss=0.8267  val_acc={1: 1.0, 2: 0.977, 3: 0.977}  elapsed=5431s  PASS
pilot 99 step  19800  lr=8.00e-04  loss=0.7236  val_acc={1: 1.0, 2: 0.984, 3: 0.984}  elapsed=5459s  PASS
pilot 99 step  19900  lr=7.86e-04  loss=0.7978  val_acc={1: 1.0, 2: 0.984, 3: 1.0}  elapsed=5485s  PASS
pilot 99 step  20000  lr=7.73e-04  loss=0.8275  val_acc={1: 1.0, 2: 0.984, 3: 0.969}  elapsed=5513s  PASS
pilot 99 step  20100  lr=7.59e-04  loss=0.7091  val_acc={1: 1.0, 2: 0.984, 3: 0.984}  elapsed=5539s  PASS
pilot 99 step  20200  lr=7.46e-04  loss=0.8021  val_acc={1: 1.0, 2: 0.992, 3: 0.984}  elapsed=5566s  PASS
pilot 99 step  20300  lr=7.32e-04  loss=0.8287  val_acc={1: 1.0, 2: 0.969, 3: 0.977}  elapsed=5595s  PASS
pilot 99 step  20400  lr=7.19e-04  loss=0.7120  val_acc={1: 1.0, 2: 0.961, 3: 0.984}  elapsed=5622s  PASS
pilot 99 step  20500  lr=7.06e-04  loss=0.8063  val_acc={1: 1.0, 2: 0.984, 3: 0.977}  elapsed=5650s  PASS
pilot 99 step  20600  lr=6.93e-04  loss=0.8274  val_acc={1: 1.0, 2: 0.969, 3: 0.984}  elapsed=5677s  PASS
pilot 99 step  20700  lr=6.80e-04  loss=0.7096  val_acc={1: 1.0, 2: 0.992, 3: 0.992}  elapsed=5704s  PASS
pilot 99 step  20800  lr=6.67e-04  loss=0.7982  val_acc={1: 1.0, 2: 0.977, 3: 0.961}  elapsed=5731s  PASS
pilot 99 step  20900  lr=6.55e-04  loss=0.8294  val_acc={1: 1.0, 2: 0.984, 3: 0.961}  elapsed=5758s  PASS
pilot 99 step  21000  lr=6.42e-04  loss=0.7132  val_acc={1: 1.0, 2: 0.977, 3: 1.0}  elapsed=5786s  PASS
pilot 99 step  21100  lr=6.30e-04  loss=0.7927  val_acc={1: 1.0, 2: 0.969, 3: 0.984}  elapsed=5813s  PASS
pilot 99 step  21200  lr=6.17e-04  loss=0.8223  val_acc={1: 1.0, 2: 0.961, 3: 0.977}  elapsed=5840s  PASS
pilot 99 step  21300  lr=6.05e-04  loss=0.7101  val_acc={1: 1.0, 2: 0.992, 3: 1.0}  elapsed=5868s  PASS
pilot 99 step  21400  lr=5.93e-04  loss=0.7931  val_acc={1: 1.0, 2: 0.977, 3: 0.977}  elapsed=5895s  PASS
pilot 99 step  21500  lr=5.80e-04  loss=0.8358  val_acc={1: 1.0, 2: 0.961, 3: 0.969}  elapsed=5923s  PASS
pilot 99 step  21600  lr=5.68e-04  loss=0.7072  val_acc={1: 1.0, 2: 0.992, 3: 0.984}  elapsed=5950s  PASS
pilot 99 step  21700  lr=5.56e-04  loss=0.8016  val_acc={1: 1.0, 2: 1.0, 3: 0.984}  elapsed=5977s  PASS
pilot 99 step  21800  lr=5.45e-04  loss=0.8327  val_acc={1: 1.0, 2: 0.977, 3: 0.977}  elapsed=6005s  PASS
pilot 99 step  21900  lr=5.33e-04  loss=0.7102  val_acc={1: 1.0, 2: 0.984, 3: 0.992}  elapsed=6032s  PASS
pilot 99 step  22000  lr=5.21e-04  loss=0.8064  val_acc={1: 1.0, 2: 0.984, 3: 0.992}  elapsed=6059s  PASS
pilot 99 step  22100  lr=5.10e-04  loss=0.8222  val_acc={1: 1.0, 2: 0.984, 3: 0.992}  elapsed=6087s  PASS
pilot 99 step  22200  lr=4.98e-04  loss=0.7186  val_acc={1: 1.0, 2: 0.977, 3: 0.977}  elapsed=6115s  PASS
pilot 99 step  22300  lr=4.87e-04  loss=0.7895  val_acc={1: 1.0, 2: 1.0, 3: 0.984}  elapsed=6141s  PASS
pilot 99 step  22400  lr=4.76e-04  loss=0.8299  val_acc={1: 1.0, 2: 0.984, 3: 0.984}  elapsed=6169s  PASS
pilot 99 step  22500  lr=4.65e-04  loss=0.7119  val_acc={1: 1.0, 2: 0.992, 3: 1.0}  elapsed=6196s  PASS
pilot 99 step  22600  lr=4.54e-04  loss=0.8028  val_acc={1: 1.0, 2: 0.992, 3: 0.992}  elapsed=6224s  PASS
pilot 99 step  22700  lr=4.43e-04  loss=0.8373  val_acc={1: 1.0, 2: 0.984, 3: 0.984}  elapsed=6251s  PASS
pilot 99 step  22800  lr=4.32e-04  loss=0.7165  val_acc={1: 1.0, 2: 0.992, 3: 0.992}  elapsed=6279s  PASS
pilot 99 step  22900  lr=4.22e-04  loss=0.7943  val_acc={1: 1.0, 2: 0.984, 3: 1.0}  elapsed=6307s  PASS
pilot 99 step  23000  lr=4.11e-04  loss=0.8282  val_acc={1: 1.0, 2: 1.0, 3: 1.0}  elapsed=6334s  PASS
pilot 99 step  23100  lr=4.01e-04  loss=0.7078  val_acc={1: 1.0, 2: 1.0, 3: 1.0}  elapsed=6361s  PASS
pilot 99 step  23200  lr=3.91e-04  loss=0.7995  val_acc={1: 1.0, 2: 1.0, 3: 1.0}  elapsed=6389s  PASS
pilot 99 step  23300  lr=3.81e-04  loss=0.8232  val_acc={1: 1.0, 2: 1.0, 3: 1.0}  elapsed=6416s  PASS
pilot 99 step  23400  lr=3.71e-04  loss=0.7096  val_acc={1: 1.0, 2: 1.0, 3: 1.0}  elapsed=6444s  PASS
pilot 99 step  23500  lr=3.61e-04  loss=0.7958  val_acc={1: 1.0, 2: 0.984, 3: 1.0}  elapsed=6471s  PASS
pilot 99 step  23600  lr=3.51e-04  loss=0.8300  val_acc={1: 1.0, 2: 0.992, 3: 0.992}  elapsed=6498s  PASS
pilot 99 step  23700  lr=3.42e-04  loss=0.7080  val_acc={1: 1.0, 2: 1.0, 3: 0.992}  elapsed=6526s  PASS
pilot 99 step  23800  lr=3.32e-04  loss=0.7914  val_acc={1: 1.0, 2: 1.0, 3: 0.984}  elapsed=6553s  PASS
pilot 99 step  23900  lr=3.23e-04  loss=0.8311  val_acc={1: 1.0, 2: 0.992, 3: 0.992}  elapsed=6580s  PASS
pilot 99 step  24000  lr=3.14e-04  loss=0.7032  val_acc={1: 1.0, 2: 1.0, 3: 0.992}  elapsed=6608s  PASS
pilot 99 step  24100  lr=3.05e-04  loss=0.8026  val_acc={1: 1.0, 2: 1.0, 3: 1.0}  elapsed=6635s  PASS
pilot 99 step  24200  lr=2.96e-04  loss=0.8252  val_acc={1: 1.0, 2: 0.984, 3: 0.984}  elapsed=6663s  PASS
pilot 99 step  24300  lr=2.87e-04  loss=0.7149  val_acc={1: 1.0, 2: 0.992, 3: 1.0}  elapsed=6690s  PASS
pilot 99 step  24400  lr=2.78e-04  loss=0.8136  val_acc={1: 1.0, 2: 1.0, 3: 1.0}  elapsed=6717s  PASS
pilot 99 step  24500  lr=2.70e-04  loss=0.8253  val_acc={1: 1.0, 2: 1.0, 3: 1.0}  elapsed=6744s  PASS
pilot 99 step  24600  lr=2.61e-04  loss=0.7076  val_acc={1: 1.0, 2: 1.0, 3: 1.0}  elapsed=6771s  PASS
pilot 99 step  24700  lr=2.53e-04  loss=0.8005  val_acc={1: 1.0, 2: 1.0, 3: 1.0}  elapsed=6799s  PASS
pilot 99 step  24800  lr=2.45e-04  loss=0.8129  val_acc={1: 1.0, 2: 1.0, 3: 1.0}  elapsed=6826s  PASS
pilot 99 step  24900  lr=2.37e-04  loss=0.7117  val_acc={1: 1.0, 2: 0.992, 3: 1.0}  elapsed=6853s  PASS
pilot 99 step  25000  lr=2.29e-04  loss=0.7960  val_acc={1: 1.0, 2: 0.992, 3: 1.0}  elapsed=6880s  PASS
pilot 99 step  25100  lr=2.21e-04  loss=0.8176  val_acc={1: 1.0, 2: 0.992, 3: 1.0}  elapsed=6908s  PASS
pilot 99 step  25200  lr=2.14e-04  loss=0.7233  val_acc={1: 1.0, 2: 0.992, 3: 1.0}  elapsed=6934s  PASS
pilot 99 step  25300  lr=2.06e-04  loss=0.8024  val_acc={1: 1.0, 2: 1.0, 3: 1.0}  elapsed=6962s  PASS
pilot 99 step  25400  lr=1.99e-04  loss=0.8273  val_acc={1: 1.0, 2: 0.984, 3: 1.0}  elapsed=6989s  PASS
pilot 99 step  25500  lr=1.92e-04  loss=0.7135  val_acc={1: 1.0, 2: 0.992, 3: 1.0}  elapsed=7016s  PASS
pilot 99 step  25600  lr=1.85e-04  loss=0.8028  val_acc={1: 1.0, 2: 0.992, 3: 1.0}  elapsed=7043s  PASS
pilot 99 step  25700  lr=1.78e-04  loss=0.8272  val_acc={1: 1.0, 2: 0.992, 3: 1.0}  elapsed=7070s  PASS
pilot 99 step  25800  lr=1.71e-04  loss=0.7125  val_acc={1: 1.0, 2: 1.0, 3: 1.0}  elapsed=7098s  PASS
pilot 99 step  25900  lr=1.65e-04  loss=0.7938  val_acc={1: 1.0, 2: 1.0, 3: 0.992}  elapsed=7125s  PASS
pilot 99 step  26000  lr=1.58e-04  loss=0.8331  val_acc={1: 1.0, 2: 0.992, 3: 1.0}  elapsed=7153s  PASS
pilot 99 step  26100  lr=1.52e-04  loss=0.7153  val_acc={1: 1.0, 2: 1.0, 3: 1.0}  elapsed=7180s  PASS
pilot 99 step  26200  lr=1.46e-04  loss=0.8040  val_acc={1: 1.0, 2: 1.0, 3: 1.0}  elapsed=7207s  PASS
pilot 99 step  26300  lr=1.40e-04  loss=0.8290  val_acc={1: 1.0, 2: 1.0, 3: 1.0}  elapsed=7234s  PASS
pilot 99 step  26400  lr=1.34e-04  loss=0.7161  val_acc={1: 1.0, 2: 1.0, 3: 1.0}  elapsed=7261s  PASS
pilot 99 step  26500  lr=1.29e-04  loss=0.7947  val_acc={1: 1.0, 2: 1.0, 3: 1.0}  elapsed=7288s  PASS
pilot 99 step  26600  lr=1.23e-04  loss=0.8245  val_acc={1: 1.0, 2: 1.0, 3: 1.0}  elapsed=7316s  PASS
pilot 99 step  26700  lr=1.18e-04  loss=0.7005  val_acc={1: 1.0, 2: 1.0, 3: 1.0}  elapsed=7344s  PASS
pilot 99 step  26800  lr=1.13e-04  loss=0.8083  val_acc={1: 1.0, 2: 1.0, 3: 1.0}  elapsed=7371s  PASS
pilot 99 step  26900  lr=1.08e-04  loss=0.8172  val_acc={1: 1.0, 2: 1.0, 3: 1.0}  elapsed=7398s  PASS
pilot 99 step  27000  lr=1.03e-04  loss=0.7125  val_acc={1: 1.0, 2: 1.0, 3: 1.0}  elapsed=7426s  PASS
pilot 99 step  27100  lr=9.80e-05  loss=0.7936  val_acc={1: 1.0, 2: 1.0, 3: 1.0}  elapsed=7453s  PASS
pilot 99 step  27200  lr=9.34e-05  loss=0.8315  val_acc={1: 1.0, 2: 1.0, 3: 1.0}  elapsed=7481s  PASS
pilot 99 step  27300  lr=8.90e-05  loss=0.7088  val_acc={1: 1.0, 2: 1.0, 3: 1.0}  elapsed=7508s  PASS
pilot 99 step  27400  lr=8.47e-05  loss=0.8006  val_acc={1: 1.0, 2: 1.0, 3: 1.0}  elapsed=7536s  PASS
pilot 99 step  27500  lr=8.06e-05  loss=0.8175  val_acc={1: 1.0, 2: 1.0, 3: 1.0}  elapsed=7563s  PASS
pilot 99 step  27600  lr=7.67e-05  loss=0.7192  val_acc={1: 1.0, 2: 1.0, 3: 1.0}  elapsed=7591s  PASS
pilot 99 step  27700  lr=7.29e-05  loss=0.7947  val_acc={1: 1.0, 2: 1.0, 3: 0.992}  elapsed=7618s  PASS
pilot 99 step  27800  lr=6.92e-05  loss=0.8249  val_acc={1: 1.0, 2: 1.0, 3: 1.0}  elapsed=7645s  PASS
pilot 99 step  27900  lr=6.58e-05  loss=0.7083  val_acc={1: 1.0, 2: 1.0, 3: 1.0}  elapsed=7673s  PASS
pilot 99 step  28000  lr=6.25e-05  loss=0.7987  val_acc={1: 1.0, 2: 1.0, 3: 1.0}  elapsed=7700s  PASS
pilot 99 step  28100  lr=5.93e-05  loss=0.8284  val_acc={1: 1.0, 2: 1.0, 3: 1.0}  elapsed=7728s  PASS
pilot 99 step  28200  lr=5.63e-05  loss=0.7245  val_acc={1: 1.0, 2: 1.0, 3: 1.0}  elapsed=7756s  PASS
pilot 99 step  28300  lr=5.35e-05  loss=0.8010  val_acc={1: 1.0, 2: 1.0, 3: 1.0}  elapsed=7783s  PASS
pilot 99 step  28400  lr=5.08e-05  loss=0.8207  val_acc={1: 1.0, 2: 1.0, 3: 1.0}  elapsed=7811s  PASS
pilot 99 step  28500  lr=4.83e-05  loss=0.7035  val_acc={1: 1.0, 2: 1.0, 3: 1.0}  elapsed=7838s  PASS
pilot 99 step  28600  lr=4.59e-05  loss=0.7974  val_acc={1: 1.0, 2: 1.0, 3: 1.0}  elapsed=7865s  PASS
pilot 99 step  28700  lr=4.37e-05  loss=0.8153  val_acc={1: 1.0, 2: 1.0, 3: 1.0}  elapsed=7893s  PASS
pilot 99 step  28800  lr=4.17e-05  loss=0.7164  val_acc={1: 1.0, 2: 1.0, 3: 1.0}  elapsed=7920s  PASS
pilot 99 step  28900  lr=3.98e-05  loss=0.8006  val_acc={1: 1.0, 2: 1.0, 3: 1.0}  elapsed=7947s  PASS
pilot 99 step  29000  lr=3.81e-05  loss=0.8261  val_acc={1: 1.0, 2: 1.0, 3: 1.0}  elapsed=7974s  PASS
pilot 99 step  29100  lr=3.66e-05  loss=0.7094  val_acc={1: 1.0, 2: 1.0, 3: 1.0}  elapsed=8002s  PASS
pilot 99 step  29200  lr=3.52e-05  loss=0.7880  val_acc={1: 1.0, 2: 1.0, 3: 1.0}  elapsed=8028s  PASS
pilot 99 step  29300  lr=3.40e-05  loss=0.8292  val_acc={1: 1.0, 2: 1.0, 3: 1.0}  elapsed=8056s  PASS
pilot 99 step  29400  lr=3.29e-05  loss=0.7134  val_acc={1: 1.0, 2: 1.0, 3: 1.0}  elapsed=8083s  PASS
pilot 99 step  29500  lr=3.20e-05  loss=0.7955  val_acc={1: 1.0, 2: 1.0, 3: 1.0}  elapsed=8110s  PASS
pilot 99 step  29600  lr=3.13e-05  loss=0.8267  val_acc={1: 1.0, 2: 1.0, 3: 1.0}  elapsed=8137s  PASS
pilot 99 step  29700  lr=3.07e-05  loss=0.6959  val_acc={1: 1.0, 2: 1.0, 3: 1.0}  elapsed=8164s  PASS
pilot 99 step  29800  lr=3.03e-05  loss=0.8014  val_acc={1: 1.0, 2: 1.0, 3: 1.0}  elapsed=8192s  PASS
pilot 99 step  29900  lr=3.01e-05  loss=0.8234  val_acc={1: 1.0, 2: 1.0, 3: 1.0}  elapsed=8218s  PASS
pilot 99 step  29999  lr=3.00e-05  loss=0.8254  val_acc={1: 1.0, 2: 1.0, 3: 1.0}  elapsed=8246s  PASS
pilot 99 stable from step 15900 onward (terminal check at 29999)
pilot 99 causal_PR=26.308  query_PR=27.992

=== §3.1.7 VERDICT: PASS — bottleneck survivable ===
s_star=15900  final_val_acc={1: 1.0, 2: 1.0, 3: 1.0}  causal_PR=26.308  query_PR=27.992
THROWAWAY_PILOT_DONE
